ERROR: .::langlib_test_negative.bal:19:47:: undefined function 'indexOf' in type 'map<string>'
