ERROR: .::tuplelib_test_negative.bal:20:25:: incompatible types: expected '[int,string][]', found '[int,(string|int)][]'
