ERROR: .::xmllib_constrained_negative_test.bal:20:28:: incompatible types: expected 'xml:Comment', found 'xml:Element'
ERROR: .::xmllib_constrained_negative_test.bal:21:42:: incompatible types: expected 'xml:ProcessingInstruction', found 'xml:Element'
ERROR: .::xmllib_constrained_negative_test.bal:25:33:: incompatible types: expected 'xml<xml:Comment>', found 'xml:Element'
ERROR: .::xmllib_constrained_negative_test.bal:26:47:: incompatible types: expected 'xml<xml:ProcessingInstruction>',found 'xml:Element'
ERROR: .::xmllib_constrained_negative_test.bal:29:26:: incompatible types: expected 'xml:Comment', found 'xml<xml:Element>'
ERROR: .::xmllib_constrained_negative_test.bal:32:41:: incompatible types: expected 'xml<xml:Element>', found 'xml:Comment'
ERROR: .::xmllib_constrained_negative_test.bal:38:41:: incompatible types: expected 'xml<xml:Comment>',found 'xml<xml:Element>'
ERROR: .::xmllib_constrained_negative_test.bal:41:29:: incompatible types: expected 'xml<xml:Element>',found 'xml<(xml:Element|xml:Comment)>'
ERROR: .::xmllib_constrained_negative_test.bal:45:31:: incompatible types: expected 'xml:Element', found 'xml:Comment'
ERROR: .::xmllib_constrained_negative_test.bal:46:18:: incompatible types: expected 'xml:Element',found 'xml:ProcessingInstruction'
ERROR: .::xmllib_constrained_negative_testbal:47:18:: incompatible types: expected 'xml:Element', found 'xml:Text'
ERROR: .::xmllib_constrained_negative_test.bal:50:13:: incompatible types: expected 'xml:Element', found 'xml<xml:Comment>'
ERROR: .::xmllib_constrained_negative_test.bal:52:51:: incompatible types: expected 'xml<xml:Comment>', found 'xml:Element'5
ERROR: .::xmllib_constrained_negative_test.bal:55:28:: incompatible types: expected 'xml<xml:Comment>',found 'xml<xml:Element>'
ERROR: .::xmllib_constrained_negative_test.bal:60:26:: incompatible types: expected 'xml:Element', found 'xml:Comment'
ERROR: .::xmllib_constrained_negative_test.bal:62:34:: incompatible types: expected 'xml:Element', found 'xml:Comment'
ERROR: .::xmllib_constrained_negative_test.bal:65:19:: incompatible types: expected 'xml:Element', found 'xml<xml:Comment>'
